
Warning-[LNX_OS_VERUN] Unsupported Linux version
  Linux version 'Rocky Linux release 8.10 (Green Obsidian)' is not supported 
  on 'x86_64' officially, assuming linux compatibility by default. Set 
  VCS_ARCH_OVERRIDE to linux or suse32 to override.
  Please refer to release notes for information on supported platforms.

Command: vcs -full64 -sverilog -debug_access+all -kdb -f run.f -l compile.log
                         Chronologic VCS (TM)
         Version U-2023.03_Full64 -- Sat Sep 26 16:43:03 2026

                    Copyright (c) 1991 - 2023 Synopsys, Inc.
   This software and the associated documentation are proprietary to Synopsys,
 Inc. This software may only be used in accordance with the terms and conditions
 of a written license agreement with Synopsys, Inc. All other use, reproduction,
   or distribution of this software is strictly prohibited.  Licensed Products
     communicate with Synopsys servers for the purpose of providing software
    updates, detecting software piracy and verifying that customers are using
    Licensed Products in conformity with the applicable License Key for such
  Licensed Products. Synopsys will use information gathered in connection with
    this process to deliver software updates and pursue software pirates and
                                   infringers.

 Inclusivity & Diversity - Visit SolvNetPlus to read the "Synopsys Statement on
            Inclusivity and Diversity" (Refer to article 000036315 at
                        https://solvnetplus.synopsys.com)


Warning-[FILE_64BIT] 64bit options not supported in -f/-file
  VCS 64bit option '-full64' is not supported in '-f' option.
  File name: 'run.f'.
  Please specify the option in command line directly.


Warning-[PMFO] Potential misusage of '-f/-F' option
  Potential misusage of '-f/-F' option, which can only be used in non-UUM 
  flow.
  The option '-f/-F' cannot be used in UUM flow.It could cause an error saying
  that the top unit is treated as source file in the UUM flow.If VCS is 
  intended to be run in non-UUM flow, please check if source files are 
  specified correctly.Otherwise please use '-file' option for UUM flow.


Error-[SFCOR] Source file cannot be opened
  Source file 
  "/home/student/Documents/hon_121/proj_dir/rtl/axi_interconnect_wrap_3x7.v" 
  cannot be opened for reading due to 'No such file or directory'.
  Please fix above issue and compile again.
  
  

2 warnings
1 error
CPU time: .072 seconds to compile
